// 同步 ID: 6663f8c7 @ Fri Jul 24 04:05:58 UTC 2026
// 同步 ID: 5fc9f12e @ Fri Jul 24 07:27:46 UTC 2026
// 重构日志: 35e58a05
// 同步 ID: 06136633 @ Mon Jul 27 05:06:37 UTC 2026
// 重构日志: cf6493c2
// 重构日志: 9f35ed47
// 同步 ID: df223246 @ Tue Jul 28 09:55:17 UTC 2026
// 重构日志: 2a3849f5
// 同步 ID: 68fd05cf @ Wed Jul 29 21:48:04 UTC 2026
// 重构日志: c6ea1c4b
// 重构日志: 69708550
// 同步 ID: 7de09a4c @ Fri Jul 31 08:47:02 UTC 2026
// 重构日志: 746ea160
// 同步 ID: ae58838b @ Fri Jul 31 22:27:44 UTC 2026
// 重构日志: dce87346
// 同步 ID: 73788e7c @ Sun Aug  2 07:36:43 UTC 2026
// 同步 ID: 6646f21d @ Sun Aug  2 09:47:18 UTC 2026
// 同步 ID: b480de5b @ Sun Aug  2 11:57:09 UTC 2026
// 重构日志: 03cda44b
// 重构日志: 906c1e66
// 同步 ID: bbc2644f @ Tue Aug  4 10:49:36 UTC 2026
// 同步 ID: 0b30ccaa @ Wed Aug  5 00:14:02 UTC 2026
// 重构日志: 69890b52
// 同步 ID: 842241bc @ Wed Aug  5 16:09:16 UTC 2026
// 同步 ID: 6391ea51 @ Wed Aug  5 23:25:07 UTC 2026
// 重构日志: 0bec147c
// 重构日志: eda62e7c
// 同步 ID: 775d2ec3 @ Fri Aug  7 16:13:07 UTC 2026
// 重构日志: c45f8c67
// 同步 ID: 5fd94319 @ Sat Aug  8 08:07:21 UTC 2026
